TAP version 13
# batch resume persistence regression passed
# Subtest: /Users/syndred/Desktop/projects/ExternalLink/tests/audit-batch-resume.test.mjs
ok 1 - /Users/syndred/Desktop/projects/ExternalLink/tests/audit-batch-resume.test.mjs
  ---
  duration_ms: 30.441375
  ...
# scheduler failure recovery regression passed
# Subtest: /Users/syndred/Desktop/projects/ExternalLink/tests/audit-scheduler-error.test.mjs
ok 2 - /Users/syndred/Desktop/projects/ExternalLink/tests/audit-scheduler-error.test.mjs
  ---
  duration_ms: 30.538292
  ...
# cloud sync race audit tests passed
# Subtest: /Users/syndred/Desktop/projects/ExternalLink/tests/audit-sync-races.test.mjs
ok 3 - /Users/syndred/Desktop/projects/ExternalLink/tests/audit-sync-races.test.mjs
  ---
  duration_ms: 37.34
  ...
# backup workflow tests passed
# Subtest: /Users/syndred/Desktop/projects/ExternalLink/tests/backup-workflow.test.mjs
ok 4 - /Users/syndred/Desktop/projects/ExternalLink/tests/backup-workflow.test.mjs
  ---
  duration_ms: 32.980417
  ...
# batch controls tests passed
# Subtest: /Users/syndred/Desktop/projects/ExternalLink/tests/batch-controls.test.mjs
ok 5 - /Users/syndred/Desktop/projects/ExternalLink/tests/batch-controls.test.mjs
  ---
  duration_ms: 44.628708
  ...
# cloud sync workflow tests passed
# Subtest: /Users/syndred/Desktop/projects/ExternalLink/tests/cloud-sync-workflow.test.mjs
ok 6 - /Users/syndred/Desktop/projects/ExternalLink/tests/cloud-sync-workflow.test.mjs
  ---
  duration_ms: 28.684583
  ...
# cloud worker core tests passed
# Subtest: /Users/syndred/Desktop/projects/ExternalLink/tests/cloud-worker-core.test.mjs
ok 7 - /Users/syndred/Desktop/projects/ExternalLink/tests/cloud-worker-core.test.mjs
  ---
  duration_ms: 30.6905
  ...
# submission ledger cloud refresh tests passed
# Subtest: /Users/syndred/Desktop/projects/ExternalLink/tests/submission-ledger-cloud-refresh.test.mjs
ok 8 - /Users/syndred/Desktop/projects/ExternalLink/tests/submission-ledger-cloud-refresh.test.mjs
  ---
  duration_ms: 37.25825
  ...
# submission ledger runtime tests passed
# Subtest: /Users/syndred/Desktop/projects/ExternalLink/tests/submission-ledger-runtime.test.mjs
ok 9 - /Users/syndred/Desktop/projects/ExternalLink/tests/submission-ledger-runtime.test.mjs
  ---
  duration_ms: 82.670542
  ...
# unattended runtime tests passed
# Subtest: /Users/syndred/Desktop/projects/ExternalLink/tests/unattended-runtime.test.mjs
ok 10 - /Users/syndred/Desktop/projects/ExternalLink/tests/unattended-runtime.test.mjs
  ---
  duration_ms: 1891.427042
  ...
1..10
# tests 10
# suites 0
# pass 10
# fail 0
# cancelled 0
# skipped 0
# todo 0
# duration_ms 1924.409667
